comments_count=30
